qcarver@granville:~/Dev/soem_poe32$ idf.py monitor
Executing action: monitor
Serial port /dev/ttyUSB0
Connecting....
Detecting chip type... Unsupported detection protocol, switching and trying again...
Connecting....
Detecting chip type... ESP32
Running idf_monitor in directory /home/qcarver/Dev/soem_poe32
Executing "/home/qcarver/.espressif/python_env/idf5.2_py3.11_env/bin/python /home/qcarver/esp/v5.2.1/esp-idf/tools/idf_monitor.py -p /dev/ttyUSB0 -b 115200 --toolchain-prefix xtensa-esp32-elf- --target esp32 --revision 0 /home/qcarver/Dev/soem_poe32/build/ethernet_basic.elf -m '/home/qcarver/.espressif/python_env/idf5.2_py3.11_env/bin/python' '/home/qcarver/esp/v5.2.1/esp-idf/tools/idf.py'"...
--- esp-idf-monitor 1.4.0 on /dev/ttyUSB0 115200 ---
--- Quit: Ctrl+] | Menu: Ctrl+T | Help: Ctrl+T followed by Ctrl+H ---
ets Jï¿½ets Jun  8 2016 00:22:57

rst:0x1 (POWERON_RESET),boot:0x1b (SPI_FAST_FLASH_BOOT)
configsip: 0, SPIWP:0xee
clk_drv:0x00,q_drv:0x00,d_drv:0x00,cs0_drv:0x00,hd_drv:0x00,wp_drv:0x00
mode:DIO, clock div:2
load:0x3fff0018,len:4
load:0x3fff001c,len:8472
load:0x40078000,len:11084
load:0x40080400,len:7048
0x40080400: _init at ??:?

entry 0x400807a0
D (72) bootloader_flash: mmu set block paddr=0x00000000 (was 0xffffffff)
I (35) boot: ESP-IDF v3.2.2 2nd stage bootloader
I (35) boot: compile time 13:42:46
D (35) boot: Enabling RTCWDT(9000 ms)
I (38) boot: Enabling RNG early entropy source...
D (44) boot: magic e9
D (46) boot: segments 04
D (48) boot: spi_mode 02
D (51) boot: spi_speed 00
D (54) boot: spi_size 02
I (56) boot: SPI Speed      : 40MHz
I (61) boot: SPI Mode       : DIO
I (65) boot: SPI Flash Size : 4MB
D (69) bootloader_flash: mmu set paddr=00000000 count=1 size=c00 src_addr=8000 src_addr_aligned=0
D (77) boot: mapped partition table 0x8000 at 0x3f408000
D (83) flash_parts: partition table verified, 3 entries
I (88) boot: Partition Table:
I (92) boot: ## Label            Usage          Type ST Offset   Length
D (99) boot: load partition table entry 0x3f408000
D (104) boot: type=1 subtype=2
I (107) boot:  0 nvs              WiFi data        01 02 00009000 00006000
D (115) boot: load partition table entry 0x3f408020
D (120) boot: type=1 subtype=1
I (123) boot:  1 phy_init         RF data          01 01 0000f000 00001000
D (130) boot: load partition table entry 0x3f408040
D (135) boot: type=0 subtype=0
I (138) boot:  2 factory          factory app      00 00 00010000 00100000
I (146) boot: End of partition table
D (150) boot: Trying partition index -1 offs 0x10000 size 0x100000
D (156) esp_image: reading image header @ 0x10000
D (161) bootloader_flash: mmu set block paddr=0x00010000 (was 0xffffffff)
D (168) esp_image: image header: 0xe9 0x06 0x02 0x01 40081070
V (174) esp_image: loading segment header 0 at offset 0x10018
V (180) esp_image: segment data length 0x226d8 data starts 0x10020
V (186) esp_image: segment 0 map_segment 1 segment_data_offs 0x10020 load_addr 0x3f400020
I (194) esp_image: segment 0: paddr=0x00010020 vaddr=0x3f400020 size=0x226d8 (141016) map
D (203) bootloader_flash: mmu set paddr=00010000 count=3 size=226d8 src_addr=10020 src_addr_aligned=10000
V (262) esp_image: loading segment header 1 at offset 0x326f8
D (262) bootloader_flash: mmu set block paddr=0x00030000 (was 0xffffffff)
V (264) esp_image: segment data length 0x2010 data starts 0x32700
V (270) esp_image: segment 1 map_segment 0 segment_data_offs 0x32700 load_addr 0x3ffb0000
I (278) esp_image: segment 1: paddr=0x00032700 vaddr=0x3ffb0000 size=0x02010 (  8208) load
D (287) bootloader_flash: mmu set paddr=00030000 count=1 size=2010 src_addr=32700 src_addr_aligned=30000
V (300) esp_image: loading segment header 2 at offset 0x34710
D (302) bootloader_flash: mmu set block paddr=0x00030000 (was 0xffffffff)
V (309) esp_image: segment data length 0x400 data starts 0x34718
V (315) esp_image: segment 2 map_segment 0 segment_data_offs 0x34718 load_addr 0x40080000
0x40080000: _WindowOverflow4 at /home/qcarver/esp/v5.2.1/esp-idf/components/xtensa/xtensa_vectors.S:2027

I (324) esp_image: segment 2: paddr=0x00034718 vaddr=0x40080000 size=0x00400 (  1024) load
0x40080000: _WindowOverflow4 at /home/qcarver/esp/v5.2.1/esp-idf/components/xtensa/xtensa_vectors.S:2027

D (332) bootloader_flash: mmu set paddr=00030000 count=1 size=400 src_addr=34718 src_addr_aligned=30000
V (342) esp_image: loading segment header 3 at offset 0x34b18
D (348) bootloader_flash: mmu set block paddr=0x00030000 (was 0xffffffff)
V (355) esp_image: segment data length 0xa854 data starts 0x34b20
V (361) esp_image: segment 3 map_segment 0 segment_data_offs 0x34b20 load_addr 0x40080400
0x40080400: _init at ??:?

I (369) esp_image: segment 3: paddr=0x00034b20 vaddr=0x40080400 size=0x0a854 ( 43092) load
0x40080400: _init at ??:?

D (378) bootloader_flash: mmu set paddr=00030000 count=1 size=a854 src_addr=34b20 src_addr_aligned=30000
V (405) esp_image: loading segment header 4 at offset 0x3f374
D (406) bootloader_flash: mmu set block paddr=0x00030000 (was 0xffffffff)
V (407) esp_image: segment data length 0xc94 data starts 0x3f37c
V (413) esp_image: segment 4 map_segment 0 segment_data_offs 0x3f37c load_addr 0x0
I (421) esp_image: segment 4: paddr=0x0003f37c vaddr=0x00000000 size=0x00c94 (  3220) 
D (429) bootloader_flash: mmu set paddr=00030000 count=2 size=c94 src_addr=3f37c src_addr_aligned=30000
V (440) esp_image: loading segment header 5 at offset 0x40010
D (445) bootloader_flash: mmu set block paddr=0x00040000 (was 0xffffffff)
V (451) esp_image: segment data length 0x59c34 data starts 0x40018
V (458) esp_image: segment 5 map_segment 1 segment_data_offs 0x40018 load_addr 0x400d0018
I (466) esp_image: segment 5: paddr=0x00040018 vaddr=0x400d0018 size=0x59c34 (367668) map
D (475) bootloader_flash: mmu set paddr=00040000 count=6 size=59c34 src_addr=40018 src_addr_aligned=40000
V (613) esp_image: image start 0x00010000 end of last section 0x00099c4c
D (613) bootloader_flash: mmu set block paddr=0x00090000 (was 0xffffffff)
D (616) esp_image: Calculated hash: 5b9575541c46596a544d8cd3a61078cef34eea7d8ca8750323c7ec25aa795138
D (625) bootloader_flash: mmu set paddr=00090000 count=1 size=20 src_addr=99c50 src_addr_aligned=90000
D (634) bootloader_flash: mmu set paddr=00090000 count=1 size=20 src_addr=99c50 src_addr_aligned=90000
I (650) boot: Loaded app from partition at offset 0x10000
I (650) boot: Disabling RNG early entropy source...
D (655) boot: Mapping segment 0 as DROM
D (659) boot: Mapping segment 5 as IROM
D (663) boot: calling set_cache_and_start_app
D (667) boot: configure drom and irom and start
V (672) boot: d mmu set paddr=00010000 vaddr=3f400000 size=141016 n=3
V (678) boot: rc=0
V (681) boot: rc=0
V (683) boot: i mmu set paddr=00040000 vaddr=400d0000 size=367668 n=6
V (689) boot: rc=0
V (691) boot: rc=0
D (694) boot: start: 0x40081070
*** ESP32-ONR-Tet Build Feb 20 2020 13:37:53 ***I (44) buffer.cpp: : Setting up task to process sound from ring buffer
D (44) buffer.cpp: : In Bytes> FETCH_SIZE: 1536, NUM_BUFFER_FETCHES: 24 , RING_BUFFER_SIZE: 36864
I (54) GPS: Setting up GPS_UART, TSIP_TX 33 and TSIP_RX 32
I (54) BufferWorker: started, hBufferWorker is 0x3ffb2974
I (64) ../main/ics43434.cpp: Default loudness is 3994304 as 0x000000
I (64) ../main/ics43434.cpp: Default loudness is 3994304 as 0x3CF2C0
I (94) IOT-ONR-Wifi: MAX_SND16_UDP_PAYLOAD_SIZE is 1461
E (1194) emac: Timed out waiting for PHY register 0x2 to have value 0x0007(mask 0xffff). Current value 0x0000
E (2194) emac: Timed out waiting for PHY register 0x3 to have value 0xc0f0(mask 0xfff0). Current value 0x0000
E (2194) emac: Initialise PHY device Timeout
E (2194) OMILEX_ETHERNET: error Success 
while trying to enable ethernet phy
I (2204) IOT-ONR-Wifi: Starting with a sensor planner IP unset 0.0.0.0
E (2204) IOT-ONR-Wifi: Couldn't get a socket
I (2214) main.cpp: : Starting SampleSoundContinously
I (2224) ../main/ics43434.cpp: Setting up task to get sound from DMA
I (2224) ../main/ics43434.cpp: Still warming up, discarding this sample..
I (2234) ../main/ics43434.cpp: Still warming up, discarding this sample..
I (2244) ../main/ics43434.cpp: Still warming up, discarding this sample..
I (2244) ../main/ics43434.cpp: Still warming up, discarding this sample..
I (2254) ../main/ics43434.cpp: Still warming up, discarding this sample..
I (2264) ../main/ics43434.cpp: Still warming up, discarding this sample..
I (2274) ../main/ics43434.cpp: Still warming up, discarding this sample..
I (2274) ../main/ics43434.cpp: Still warming up, discarding this sample..
I (2284) ../main/ics43434.cpp: Still warming up, discarding this sample..
I (2294) ../main/ics43434.cpp: Still warming up, discarding this sample..
I (2304) ../main/ics43434.cpp: Still warming up, discarding this sample..
I (2304) ../main/ics43434.cpp: Still warming up, discarding this sample..
I (2314) ../main/ics43434.cpp: Still warming up, discarding this sample..
I (2324) ../main/ics43434.cpp: Still warming up, discarding this sample..
I (2334) ../main/ics43434.cpp: Still warming up, discarding this sample..
I (2334) ../main/ics43434.cpp: Still warming up, discarding this sample..
I (2344) ../main/ics43434.cpp: Still warming up, discarding this sample..
I (2354) ../main/ics43434.cpp: Still warming up, discarding this sample..
I (2364) ../main/ics43434.cpp: Still warming up, discarding this sample..
I (2364) ../main/ics43434.cpp: Still warming up, discarding this sample..
I (2374) ../main/ics43434.cpp: Still warming up, discarding this sample..
I (2384) ../main/ics43434.cpp: Still warming up, discarding this sample..
I (2394) ../main/ics43434.cpp: Still warming up, discarding this sample..
I (2394) ../main/ics43434.cpp: Still warming up, discarding this sample..
I (2404) ../main/ics43434.cpp: Still warming up, discarding this sample..
I (2414) ../main/ics43434.cpp: Still warming up, discarding this sample..
I (2424) ../main/ics43434.cpp: Still warming up, discarding this sample..
I (2424) ../main/ics43434.cpp: Still warming up, discarding this sample..
I (2434) ../main/ics43434.cpp: Still warming up, discarding this sample..
I (2444) ../main/ics43434.cpp: Still warming up, discarding this sample..
I (2454) ../main/ics43434.cpp: Still warming up, discarding this sample..
I (2454) ../main/ics43434.cpp: Still warming up, discarding this sample..
I (2464) ../main/ics43434.cpp: Still warming up, discarding this sample..
I (2474) ../main/ics43434.cpp: Still warming up, discarding this sample..
I (2484) ../main/ics43434.cpp: Still warming up, discarding this sample..
I (2484) ../main/ics43434.cpp: Still warming up, discarding this sample..
I (2494) ../main/ics43434.cpp: Still warming up, discarding this sample..
I (2504) ../main/ics43434.cpp: Still warming up, discarding this sample..
I (2514) ../main/ics43434.cpp: Still warming up, discarding this sample..
I (2514) ../main/ics43434.cpp: Still warming up, discarding this sample..
I (2524) ../main/ics43434.cpp: Still warming up, discarding this sample..
I (2534) ../main/ics43434.cpp: Still warming up, discarding this sample..
I (2544) ../main/ics43434.cpp: Still warming up, discarding this sample..
I (2544) ../main/ics43434.cpp: Still warming up, discarding this sample..
I (2554) ../main/ics43434.cpp: Still warming up, discarding this sample..
I (2564) ../main/ics43434.cpp: Still warming up, discarding this sample..
I (2574) ../main/ics43434.cpp: Still warming up, discarding this sample..
I (2574) ../main/ics43434.cpp: Still warming up, discarding this sample..
I (2584) ../main/ics43434.cpp: Still warming up, discarding this sample..
I (2594) ../main/ics43434.cpp: Still warming up, discarding this sample..
I (2604) ../main/ics43434.cpp: Still warming up, discarding this sample..
I (2604) ../main/ics43434.cpp: Still warming up, discarding this sample..
I (2614) ../main/ics43434.cpp: Still warming up, discarding this sample..
I (2624) ../main/ics43434.cpp: Still warming up, discarding this sample..
I (2634) ../main/ics43434.cpp: Still warming up, discarding this sample..
I (2634) ../main/ics43434.cpp: Still warming up, discarding this sample..
I (2644) ../main/ics43434.cpp: Still warming up, discarding this sample..
I (2654) ../main/ics43434.cpp: Still warming up, discarding this sample..
I (2664) ../main/ics43434.cpp: Still warming up, discarding this sample..
I (2664) ../main/ics43434.cpp: Still warming up, discarding this sample..
I (2674) ../main/ics43434.cpp: Still warming up, discarding this sample..
I (2684) ../main/ics43434.cpp: Still warming up, discarding this sample..
I (2694) ../main/ics43434.cpp: Still warming up, discarding this sample..
I (2694) ../main/ics43434.cpp: Still warming up, discarding this sample..
I (2704) ../main/ics43434.cpp: Still warming up, discarding this sample..
I (2714) ../main/ics43434.cpp: Still warming up, discarding this sample..
I (2724) ../main/ics43434.cpp: Still warming up, discarding this sample..
I (2734) ../main/ics43434.cpp: Still warming up, discarding this sample..
I (2744) ../main/ics43434.cpp: Still warming up, discarding this sample..
I (2764) ../main/ics43434.cpp: Still warming up, discarding this sample..
I (2774) ../main/ics43434.cpp: Still warming up, discarding this sample..
I (2784) ../main/ics43434.cpp: Still warming up, discarding this sample..
I (2794) ../main/ics43434.cpp: Still warming up, discarding this sample..
I (2804) ../main/ics43434.cpp: Still warming up, discarding this sample..
I (2814) ../main/ics43434.cpp: Still warming up, discarding this sample..
I (2824) ../main/ics43434.cpp: Still warming up, discarding this sample..
I (2844) ../main/ics43434.cpp: Still warming up, discarding this sample..
I (2854) ../main/ics43434.cpp: Still warming up, discarding this sample..
I (2864) ../main/ics43434.cpp: Still warming up, discarding this sample..
I (2874) ../main/ics43434.cpp: Still warming up, discarding this sample..
W (2884) IOT-ONR-Wifi: Looked for packets to send but wifi ring buffer is empty.

D (5804) buffer.cpp: : {
        "metadata": "PPS",
        "health": "Doing position fixes",
        "when": "1980-01-05 23:59:590.000000",
        "where": "Lat 0.000000 Lon 0.000000 Alt 0.000000 ",
        "audio": 252,
        "skips": 0,

}

D (5814) buffer.cpp: : {
        "metadata": "PPS",
        "health": "Doing position fixes",
        "when": "1980-01-05 23:59:590.000000",
        "where": "Lat 0.000000 Lon 0.000000 Alt 0.000000 ",
        "audio": 253,
        "skips": 0,

}

D (5834) buffer.cpp: : {
        "metadata": "PPS",
        "health": "Doing position fixes",
        "when": "1980-01-05 23:59:590.000000",
        "where": "Lat 0.000000 Lon 0.000000 Alt 0.000000 ",
        "audio": 254,
        "skips": 0,

}

D (8794) buffer.cpp: : {
        "metadata": "PPS",
        "health": "Doing position fixes",
        "when": "1980-01-05 23:59:590.000000",
        "where": "Lat 0.000000 Lon 0.000000 Alt 0.000000 ",
        "audio": 510,
        "skips": 0,

}








D (8814) buffer.cpp: : {
        "metadata": "PPS",
        "health": "Doing position fixes",
        "when": "1980-01-05 23:59:590.000000",
        "where": "Lat 0.000000 Lon 0.000000 Alt 0.000000 ",
        "audio": 511,
        "skips": 0,

}








D (8824) buffer.cpp: : {
        "metadata": "PPS",
        "health": "Doing position fixes",
        "when": "1980-01-05 23:59:590.000000",
        "where": "Lat 0.000000 Lon 0.000000 Alt 0.000000 ",
        "audio": 512,
        "skips": 0,

}

D (8854) buffer.cpp: : {
        "metadata": "PPS",
        "health": "Doing position fixes",
        "when": "1980-01-05 23:59:590.000000",
        "where": "Lat 0.000000 Lon 0.000000 Alt 0.000000 ",
        "audio": 514,
        "skips": 0,

}